Warning! Ignore unknown configuration option `build_dir` in section [env:genericSTM32G431CB]
Processing genericSTM32G431CB (platform: ststm32; board: genericSTM32G431CB; framework: arduino; build_dir: C:/pio_build/stm32_samsung)
--------------------------------------------------------------------------------
CONFIGURATION: https://docs.platformio.org/page/boards/ststm32/genericSTM32G431CB.html
PLATFORM: ST STM32 (19.6.0) > STM32G431CB (32k RAM. 128k Flash)
HARDWARE: STM32G431CBU6 170MHz, 32KB RAM, 128KB Flash
DEBUG: Current (blackmagic) External (blackmagic, cmsis-dap, jlink, stlink)
PACKAGES: 
 - framework-arduinoststm32 @ 4.21200.0 (2.12.0) 
 - framework-cmsis @ 2.60300.0 (6.3.0) 
 - framework-cmsis-dsp @ 1.16.2 
 - toolchain-gccarmnoneeabi @ 1.120301.0 (12.3.1)
LDF: Library Dependency Finder -> https://bit.ly/configure-pio-ldf
LDF Modes: Finder ~ chain, Compatibility ~ soft
Found 14 compatible libraries
Scanning dependencies...
No dependencies
Building in release mode
Using tempfile C:\Users\▀Ёюёырт\Documents\PlatformIO\Projects\stm32_samsung.code\.pio\build\genericSTM32G431CB\tmpsny3glne.tmp for command line:
arm-none-eabi-g++ -o .pio/build/genericSTM32G431CB/firmware.elf -T C:/.platformio/packages/framework-arduinoststm32/system/ldscript.ld -mcpu=cortex-m4 -mthumb -mfpu=fpv4-sp-d16 -mfloat-abi=hard -Os --specs=nano.specs -Wl,--gc-sections,--relax -Wl,--check-sections -Wl,--entry=Reset_Handler -Wl,--unresolved-symbols=report-all -Wl,--warn-common -Wl,--defsym=LD_MAX_SIZE=131072 -Wl,--defsym=LD_MAX_DATA_SIZE=32768 -Wl,-Map="C:/Users/▀Ёюёырт/Documents/PlatformIO/Projects/stm32_samsung.code/.pio/build/genericSTM32G431CB/firmware.map" -Wl,--defsym=LD_FLASH_OFFSET=0x0 -Wl,--default-script C:/.platformio/packages/framework-arduinoststm32/variants/STM32G4xx/G431C(6-8-B)U_G441CBU/ldscript.ld .pio/build/genericSTM32G431CB/FrameworkArduinoVariant/PeripheralPins.c.o .pio/build/genericSTM32G431CB/FrameworkArduinoVariant/PeripheralPins_B_G431B_ESC1.c.o .pio/build/genericSTM32G431CB/FrameworkArduinoVariant/generic_clock.c.o .pio/build/genericSTM32G431CB/FrameworkArduinoVariant/variant_B_G431B_ESC1.cpp.o .pio/build/genericSTM32G431CB/FrameworkArduinoVariant/variant_generic.cpp.o .pio/build/genericSTM32G431CB/SrcWrapper/src/HAL/stm32yyxx_hal.c.o .pio/build/genericSTM32G431CB/SrcWrapper/src/HAL/stm32yyxx_hal_adc.c.o .pio/build/genericSTM32G431CB/SrcWrapper/src/HAL/stm32yyxx_hal_adc_ex.c.o .pio/build/genericSTM32G431CB/SrcWrapper/src/HAL/stm32yyxx_hal_can.c.o .pio/build/genericSTM32G431CB/SrcWrapper/src/HAL/stm32yyxx_hal_ccb.c.o .pio/build/genericSTM32G431CB/SrcWrapper/src/HAL/stm32yyxx_hal_cec.c.o .pio/build/genericSTM32G431CB/SrcWrapper/src/HAL/stm32yyxx_hal_comp.c.o .pio/build/genericSTM32G431CB/SrcWrapper/src/HAL/stm32yyxx_hal_comp_ex.c.o .pio/build/genericSTM32G431CB/SrcWrapper/src/HAL/stm32yyxx_hal_cordic.c.o .pio/build/genericSTM32G431CB/SrcWrapper/src/HAL/stm32yyxx_hal_cortex.c.o .pio/build/genericSTM32G431CB/SrcWrapper/src/HAL/stm32yyxx_hal_crc.c.o .pio/build/genericSTM32G431CB/SrcWrapper/src/HAL/stm32yyxx_hal_crc_ex.c.o .pio/build/genericSTM32G431CB/SrcWrapper/src/HAL/stm32yyxx_hal_cryp.c.o .pio/build/genericSTM32G431CB/SrcWrapper/src/HAL/stm32yyxx_hal_cryp_ex.c.o .pio/build/genericSTM32G431CB/SrcWrapper/src/HAL/stm32yyxx_hal_dac.c.o .pio/build/genericSTM32G431CB/SrcWrapper/src/HAL/stm32yyxx_hal_dac_ex.c.o .pio/build/genericSTM32G431CB/SrcWrapper/src/HAL/stm32yyxx_hal_dcache.c.o .pio/build/genericSTM32G431CB/SrcWrapper/src/HAL/stm32yyxx_hal_dcmi.c.o .pio/build/genericSTM32G431CB/SrcWrapper/src/HAL/stm32yyxx_hal_dcmi_ex.c.o .pio/build/genericSTM32G431CB/SrcWrapper/src/HAL/stm32yyxx_hal_dfsdm.c.o .pio/build/genericSTM32G431CB/SrcWrapper/src/HAL/stm32yyxx_hal_dfsdm_ex.c.o .pio/build/genericSTM32G431CB/SrcWrapper/src/HAL/stm32yyxx_hal_dma.c.o .pio/build/genericSTM32G431CB/SrcWrapper/src/HAL/stm32yyxx_hal_dma2d.c.o .pio/build/genericSTM32G431CB/SrcWrapper/src/HAL/stm32yyxx_hal_dma_ex.c.o .pio/build/genericSTM32G431CB/SrcWrapper/src/HAL/stm32yyxx_hal_dsi.c.o .pio/build/genericSTM32G431CB/SrcWrapper/src/HAL/stm32yyxx_hal_dts.c.o .pio/build/genericSTM32G431CB/SrcWrapper/src/HAL/stm32yyxx_hal_eth.c.o .pio/build/genericSTM32G431CB/SrcWrapper/src/HAL/stm32yyxx_hal_eth_ex.c.o .pio/build/genericSTM32G431CB/SrcWrapper/src/HAL/stm32yyxx_hal_exti.c.o .pio/build/genericSTM32G431CB/SrcWrapper/src/HAL/stm32yyxx_hal_fdcan.c.o .pio/build/genericSTM32G431CB/SrcWrapper/src/HAL/stm32yyxx_hal_firewall.c.o .pio/build/genericSTM32G431CB/SrcWrapper/src/HAL/stm32yyxx_hal_flash.c.o .pio/build/genericSTM32G431CB/SrcWrapper/src/HAL/stm32yyxx_hal_flash_ex.c.o .pio/build/genericSTM32G431CB/SrcWrapper/src/HAL/stm32yyxx_hal_flash_ramfunc.c.o .pio/build/genericSTM32G431CB/SrcWrapper/src/HAL/stm32yyxx_hal_fmac.c.o .pio/build/genericSTM32G431CB/SrcWrapper/src/HAL/stm32yyxx_hal_fmpi2c.c.o .pio/build/genericSTM32G431CB/SrcWrapper/src/HAL/stm32yyxx_hal_fmpi2c_ex.c.o .pio/build/genericSTM32G431CB/SrcWrapper/src/HAL/stm32yyxx_hal_fmpsmbus.c.o .pio/build/genericSTM32G431CB/SrcWrapper/src/HAL/stm32yyxx_hal_fmpsmbus_ex.c.o .pio/build/genericSTM32G431CB/SrcWrapper/src/HAL/stm32yyxx_hal_gfxmmu.c.o .pio/build/genericSTM32G431CB/SrcWrapper/src/HAL/stm32yyxx_hal_gfxtim.c.o .pio/build/genericSTM32G431CB/SrcWrapper/src/HAL/stm32yyxx_hal_gpio.c.o .pio/build/genericSTM32G431CB/SrcWrapper/src/HAL/stm32yyxx_hal_gpio_ex.c.o .pio/build/genericSTM32G431CB/SrcWrapper/src/HAL/stm32yyxx_hal_gpu2d.c.o .pio/build/genericSTM32G431CB/SrcWrapper/src/HAL/stm32yyxx_hal_gtzc.c.o .pio/build/genericSTM32G431CB/SrcWrapper/src/HAL/stm32yyxx_hal_hash.c.o .pio/build/genericSTM32G431CB/SrcWrapper/src/HAL/stm32yyxx_hal_hash_ex.c.o .pio/build/genericSTM32G431CB/SrcWrapper/src/HAL/stm32yyxx_hal_hcd.c.o .pio/build/genericSTM32G431CB/SrcWrapper/src/HAL/stm32yyxx_hal_hrtim.c.o .pio/build/genericSTM32G431CB/SrcWrapper/src/HAL/stm32yyxx_hal_hsem.c.o .pio/build/genericSTM32G431CB/SrcWrapper/src/HAL/stm32yyxx_hal_i2c.c.o .pio/build/genericSTM32G431CB/SrcWrapper/src/HAL/stm32yyxx_hal_i2c_ex.c.o .pio/build/genericSTM32G431CB/SrcWrapper/src/HAL/stm32yyxx_hal_i2s.c.o .pio/build/genericSTM32G431CB/SrcWrapper/src/HAL/stm32yyxx_hal_i2s_ex.c.o .pio/build/genericSTM32G431CB/SrcWrapper/src/HAL/stm32yyxx_hal_i3c.c.o .pio/build/genericSTM32G431CB/SrcWrapper/src/HAL/stm32yyxx_hal_icache.c.o .pio/build/genericSTM32G431CB/SrcWrapper/src/HAL/stm32yyxx_hal_ipcc.c.o .pio/build/genericSTM32G431CB/SrcWrapper/src/HAL/stm32yyxx_hal_irda.c.o .pio/build/genericSTM32G431CB/SrcWrapper/src/HAL/stm32yyxx_hal_iwdg.c.o .pio/build/genericSTM32G431CB/SrcWrapper/src/HAL/stm32yyxx_hal_jpeg.c.o .pio/build/genericSTM32G431CB/SrcWrapper/src/HAL/stm32yyxx_hal_lcd.c.o .pio/build/genericSTM32G431CB/SrcWrapper/src/HAL/stm32yyxx_hal_lpawur.c.o .pio/build/genericSTM32G431CB/SrcWrapper/src/HAL/stm32yyxx_hal_lptim.c.o .pio/build/genericSTM32G431CB/SrcWrapper/src/HAL/stm32yyxx_hal_ltdc.c.o .pio/build/genericSTM32G431CB/SrcWrapper/src/HAL/stm32yyxx_hal_ltdc_ex.c.o .pio/build/genericSTM32G431CB/SrcWrapper/src/HAL/stm32yyxx_hal_mdf.c.o .pio/build/genericSTM32G431CB/SrcWrapper/src/HAL/stm32yyxx_hal_mdios.c.o .pio/build/genericSTM32G431CB/SrcWrapper/src/HAL/stm32yyxx_hal_mdma.c.o .pio/build/genericSTM32G431CB/SrcWrapper/src/HAL/stm32yyxx_hal_mmc.c.o .pio/build/genericSTM32G431CB/SrcWrapper/src/HAL/stm32yyxx_hal_mmc_ex.c.o .pio/build/genericSTM32G431CB/SrcWrapper/src/HAL/stm32yyxx_hal_mrsubg.c.o .pio/build/genericSTM32G431CB/SrcWrapper/src/HAL/stm32yyxx_hal_mrsubg_timer.c.o .pio/build/genericSTM32G431CB/SrcWrapper/src/HAL/stm32yyxx_hal_nand.c.o .pio/build/genericSTM32G431CB/SrcWrapper/src/HAL/stm32yyxx_hal_nor.c.o .pio/build/genericSTM32G431CB/SrcWrapper/src/HAL/stm32yyxx_hal_opamp.c.o .pio/build/genericSTM32G431CB/SrcWrapper/src/HAL/stm32yyxx_hal_opamp_ex.c.o .pio/build/genericSTM32G431CB/SrcWrapper/src/HAL/stm32yyxx_hal_ospi.c.o .pio/build/genericSTM32G431CB/SrcWrapper/src/HAL/stm32yyxx_hal_otfdec.c.o .pio/build/genericSTM32G431CB/SrcWrapper/src/HAL/stm32yyxx_hal_pccard.c.o .pio/build/genericSTM32G431CB/SrcWrapper/src/HAL/stm32yyxx_hal_pcd.c.o .pio/build/genericSTM32G431CB/SrcWrapper/src/HAL/stm32yyxx_hal_pcd_ex.c.o .pio/build/genericSTM32G431CB/SrcWrapper/src/HAL/stm32yyxx_hal_pka.c.o .pio/build/genericSTM32G431CB/SrcWrapper/src/HAL/stm32yyxx_hal_pssi.c.o .pio/build/genericSTM32G431CB/SrcWrapper/src/HAL/stm32yyxx_hal_pwr.c.o .pio/build/genericSTM32G431CB/SrcWrapper/src/HAL/stm32yyxx_hal_pwr_ex.c.o .pio/build/genericSTM32G431CB/SrcWrapper/src/HAL/stm32yyxx_hal_qspi.c.o .pio/build/genericSTM32G431CB/SrcWrapper/src/HAL/stm32yyxx_hal_radio.c.o .pio/build/genericSTM32G431CB/SrcWrapper/src/HAL/stm32yyxx_hal_radio_timer.c.o .pio/build/genericSTM32G431CB/SrcWrapper/src/HAL/stm32yyxx_hal_ramcfg.c.o .pio/build/genericSTM32G431CB/SrcWrapper/src/HAL/stm32yyxx_hal_ramecc.c.o .pio/build/genericSTM32G431CB/SrcWrapper/src/HAL/stm32yyxx_hal_rcc.c.o .pio/build/genericSTM32G431CB/SrcWrapper/src/HAL/stm32yyxx_hal_rcc_ex.c.o .pio/build/genericSTM32G431CB/SrcWrapper/src/HAL/stm32yyxx_hal_rng.c.o .pio/build/genericSTM32G431CB/SrcWrapper/src/HAL/stm32yyxx_hal_rng_ex.c.o .pio/build/genericSTM32G431CB/SrcWrapper/src/HAL/stm32yyxx_hal_rtc.c.o .pio/build/genericSTM32G431CB/SrcWrapper/src/HAL/stm32yyxx_hal_rtc_ex.c.o .pio/build/genericSTM32G431CB/SrcWrapper/src/HAL/stm32yyxx_hal_sai.c.o .pio/build/genericSTM32G431CB/SrcWrapper/src/HAL/stm32yyxx_hal_sai_ex.c.o .pio/build/genericSTM32G431CB/SrcWrapper/src/HAL/stm32yyxx_hal_sd.c.o .pio/build/genericSTM32G431CB/SrcWrapper/src/HAL/stm32yyxx_hal_sd_ex.c.o .pio/build/genericSTM32G431CB/SrcWrapper/src/HAL/stm32yyxx_hal_sdadc.c.o .pio/build/genericSTM32G431CB/SrcWrapper/src/HAL/stm32yyxx_hal_sdio.c.o .pio/build/genericSTM32G431CB/SrcWrapper/src/HAL/stm32yyxx_hal_sdram.c.o .pio/build/genericSTM32G431CB/SrcWrapper/src/HAL/stm32yyxx_hal_smartcard.c.o .pio/build/genericSTM32G431CB/SrcWrapper/src/HAL/stm32yyxx_hal_smartcard_ex.c.o .pio/build/genericSTM32G431CB/SrcWrapper/src/HAL/stm32yyxx_hal_smbus.c.o .pio/build/genericSTM32G431CB/SrcWrapper/src/HAL/stm32yyxx_hal_smbus_ex.c.o .pio/build/genericSTM32G431CB/SrcWrapper/src/HAL/stm32yyxx_hal_spdifrx.c.o .pio/build/genericSTM32G431CB/SrcWrapper/src/HAL/stm32yyxx_hal_spi.c.o .pio/build/genericSTM32G431CB/SrcWrapper/src/HAL/stm32yyxx_hal_spi_ex.c.o .pio/build/genericSTM32G431CB/SrcWrapper/src/HAL/stm32yyxx_hal_sram.c.o .pio/build/genericSTM32G431CB/SrcWrapper/src/HAL/stm32yyxx_hal_subghz.c.o .pio/build/genericSTM32G431CB/SrcWrapper/src/HAL/stm32yyxx_hal_swpmi.c.o .pio/build/genericSTM32G431CB/SrcWrapper/src/HAL/stm32yyxx_hal_tim.c.o .pio/build/genericSTM32G431CB/SrcWrapper/src/HAL/stm32yyxx_hal_tim_ex.c.o .pio/build/genericSTM32G431CB/SrcWrapper/src/HAL/stm32yyxx_hal_tsc.c.o .pio/build/genericSTM32G431CB/SrcWrapper/src/HAL/stm32yyxx_hal_uart.c.o .pio/build/genericSTM32G431CB/SrcWrapper/src/HAL/stm32yyxx_hal_uart_ex.c.o .pio/build/genericSTM32G431CB/SrcWrapper/src/HAL/stm32yyxx_hal_usart.c.o .pio/build/genericSTM32G431CB/SrcWrapper/src/HAL/stm32yyxx_hal_usart_ex.c.o .pio/build/genericSTM32G431CB/SrcWrapper/src/HAL/stm32yyxx_hal_wwdg.c.o .pio/build/genericSTM32G431CB/SrcWrapper/src/HAL/stm32yyxx_hal_xspi.c.o .pio/build/genericSTM32G431CB/SrcWrapper/src/HardwareTimer.cpp.o .pio/build/genericSTM32G431CB/SrcWrapper/src/LL/stm32yyxx_ll_adc.c.o .pio/build/genericSTM32G431CB/SrcWrapper/src/LL/stm32yyxx_ll_bdma.c.o .pio/build/genericSTM32G431CB/SrcWrapper/src/LL/stm32yyxx_ll_comp.c.o .pio/build/genericSTM32G431CB/SrcWrapper/src/LL/stm32yyxx_ll_cordic.c.o .pio/build/genericSTM32G431CB/SrcWrapper/src/LL/stm32yyxx_ll_crc.c.o .pio/build/genericSTM32G431CB/SrcWrapper/src/LL/stm32yyxx_ll_crs.c.o .pio/build/genericSTM32G431CB/SrcWrapper/src/LL/stm32yyxx_ll_dac.c.o .pio/build/genericSTM32G431CB/SrcWrapper/src/LL/stm32yyxx_ll_delayblock.c.o .pio/build/genericSTM32G431CB/SrcWrapper/src/LL/stm32yyxx_ll_dlyb.c.o .pio/build/genericSTM32G431CB/SrcWrapper/src/LL/stm32yyxx_ll_dma.c.o .pio/build/genericSTM32G431CB/SrcWrapper/src/LL/stm32yyxx_ll_dma2d.c.o .pio/build/genericSTM32G431CB/SrcWrapper/src/LL/stm32yyxx_ll_exti.c.o .pio/build/genericSTM32G431CB/SrcWrapper/src/LL/stm32yyxx_ll_fmac.c.o .pio/build/genericSTM32G431CB/SrcWrapper/src/LL/stm32yyxx_ll_fmc.c.o .pio/build/genericSTM32G431CB/SrcWrapper/src/LL/stm32yyxx_ll_fmpi2c.c.o .pio/build/genericSTM32G431CB/SrcWrapper/src/LL/stm32yyxx_ll_fsmc.c.o .pio/build/genericSTM32G431CB/SrcWrapper/src/LL/stm32yyxx_ll_gpio.c.o .pio/build/genericSTM32G431CB/SrcWrapper/src/LL/stm32yyxx_ll_hrtim.c.o .pio/build/genericSTM32G431CB/SrcWrapper/src/LL/stm32yyxx_ll_i2c.c.o .pio/build/genericSTM32G431CB/SrcWrapper/src/LL/stm32yyxx_ll_i3c.c.o .pio/build/genericSTM32G431CB/SrcWrapper/src/LL/stm32yyxx_ll_icache.c.o .pio/build/genericSTM32G431CB/SrcWrapper/src/LL/stm32yyxx_ll_lcsc.c.o .pio/build/genericSTM32G431CB/SrcWrapper/src/LL/stm32yyxx_ll_lpgpio.c.o .pio/build/genericSTM32G431CB/SrcWrapper/src/LL/stm32yyxx_ll_lptim.c.o .pio/build/genericSTM32G431CB/SrcWrapper/src/LL/stm32yyxx_ll_lpuart.c.o .pio/build/genericSTM32G431CB/SrcWrapper/src/LL/stm32yyxx_ll_mdma.c.o .pio/build/genericSTM32G431CB/SrcWrapper/src/LL/stm32yyxx_ll_opamp.c.o .pio/build/genericSTM32G431CB/SrcWrapper/src/LL/stm32yyxx_ll_pka.c.o .pio/build/genericSTM32G431CB/SrcWrapper/src/LL/stm32yyxx_ll_pwr.c.o .pio/build/genericSTM32G431CB/SrcWrapper/src/LL/stm32yyxx_ll_rcc.c.o .pio/build/genericSTM32G431CB/SrcWrapper/src/LL/stm32yyxx_ll_rng.c.o .pio/build/genericSTM32G431CB/SrcWrapper/src/LL/stm32yyxx_ll_rtc.c.o .pio/build/genericSTM32G431CB/SrcWrapper/src/LL/stm32yyxx_ll_sdmmc.c.o .pio/build/genericSTM32G431CB/SrcWrapper/src/LL/stm32yyxx_ll_spi.c.o .pio/build/genericSTM32G431CB/SrcWrapper/src/LL/stm32yyxx_ll_swpmi.c.o .pio/build/genericSTM32G431CB/SrcWrapper/src/LL/stm32yyxx_ll_system.c.o .pio/build/genericSTM32G431CB/SrcWrapper/src/LL/stm32yyxx_ll_tim.c.o .pio/build/genericSTM32G431CB/SrcWrapper/src/LL/stm32yyxx_ll_ucpd.c.o .pio/build/genericSTM32G431CB/SrcWrapper/src/LL/stm32yyxx_ll_usart.c.o .pio/build/genericSTM32G431CB/SrcWrapper/src/LL/stm32yyxx_ll_usb.c.o .pio/build/genericSTM32G431CB/SrcWrapper/src/LL/stm32yyxx_ll_utils.c.o .pio/build/genericSTM32G431CB/SrcWrapper/src/new.cpp.o .pio/build/genericSTM32G431CB/SrcWrapper/src/stm32/PortNames.c.o .pio/build/genericSTM32G431CB/SrcWrapper/src/stm32/analog.cpp.o .pio/build/genericSTM32G431CB/SrcWrapper/src/stm32/bootloader.c.o .pio/build/genericSTM32G431CB/SrcWrapper/src/stm32/clock.c.o .pio/build/genericSTM32G431CB/SrcWrapper/src/stm32/core_callback.c.o .pio/build/genericSTM32G431CB/SrcWrapper/src/stm32/dwt.c.o .pio/build/genericSTM32G431CB/SrcWrapper/src/stm32/hw_config.c.o .pio/build/genericSTM32G431CB/SrcWrapper/src/stm32/interrupt.cpp.o .pio/build/genericSTM32G431CB/SrcWrapper/src/stm32/otp.c.o .pio/build/genericSTM32G431CB/SrcWrapper/src/stm32/pinmap.c.o .pio/build/genericSTM32G431CB/SrcWrapper/src/stm32/stm32_def.c.o .pio/build/genericSTM32G431CB/SrcWrapper/src/stm32/system_stm32yyxx.c.o .pio/build/genericSTM32G431CB/SrcWrapper/src/stm32/timer.c.o .pio/build/genericSTM32G431CB/SrcWrapper/src/stm32/uart.c.o .pio/build/genericSTM32G431CB/SrcWrapper/src/syscalls.c.o .pio/build/genericSTM32G431CB/src/main.cpp.o -LC:/.platformio/platforms/ststm32/ldscripts -L.pio/build/genericSTM32G431CB -LC:/.platformio/packages/framework-arduinoststm32/variants/STM32G4xx/G431C(6-8-B)U_G441CBU -Wl,--start-group .pio/build/genericSTM32G431CB/libFrameworkArduino.a -lc -lm -lgcc -lstdc++ -Wl,--end-group
arm-none-eabi-g++ @C:\Users\▀Ёюёырт\Documents\PlatformIO\Projects\stm32_samsung.code\.pio\build\genericSTM32G431CB\tmpsny3glne.tmp
C:\.platformio\penv\Scripts\platformio.exe : c:/.platformio/packages/toolchain-
gccarmnoneeabi/bin/../lib/gcc/arm-none-eabi/12.3.1/../../../../arm-none-eabi/bi
n/ld.exe: cannot open map file C:/Users/▀Ёюёырт/Documents/PlatformIO/Projects/s
tm32_samsung.code/.pio/build/genericSTM32G431CB/firmware.map: No such file or d
irectory
At line:1 char:100
+ ... Out-Null }; C:\.platformio\penv\Scripts\platformio.exe run -v > build ...
+                 ~~~~~~~~~~~~~~~~~~~~~~~~~~~~~~~~~~~~~~~~~~~~~~~~~~~~~~~~~
    + CategoryInfo          : NotSpecified: (c:/.platformio/...le or directory 
   :String) [], RemoteException
    + FullyQualifiedErrorId : NativeCommandError
 
collect2.exe: error: ld returned 1 exit status
*** [.pio\build\genericSTM32G431CB\firmware.elf] Error 1
========================== [FAILED] Took 2.24 seconds =========================
=
